Archive member included because of file (symbol)

d:/program files/atmel/atmel studio 6.0/extensions/atmel/avrgcc/3.4.0.65/avrtoolchain/bin/../lib/gcc/avr/4.6.2/avr51\libgcc.a(_udivmodqi4.o)
                              lcd.o (__udivmodqi4)
d:/program files/atmel/atmel studio 6.0/extensions/atmel/avrgcc/3.4.0.65/avrtoolchain/bin/../lib/gcc/avr/4.6.2/avr51\libgcc.a(_udivmodhi4.o)
                              lcd.o (__udivmodhi4)
d:/program files/atmel/atmel studio 6.0/extensions/atmel/avrgcc/3.4.0.65/avrtoolchain/bin/../lib/gcc/avr/4.6.2/avr51\libgcc.a(_divmodhi4.o)
                              lcd.o (__divmodhi4)
d:/program files/atmel/atmel studio 6.0/extensions/atmel/avrgcc/3.4.0.65/avrtoolchain/bin/../lib/gcc/avr/4.6.2/avr51\libgcc.a(_exit.o)
                              d:/program files/atmel/atmel studio 6.0/extensions/atmel/avrgcc/3.4.0.65/avrtoolchain/bin/../lib/gcc/avr/4.6.2/../../../../avr/lib/avr51/crtm128.o (exit)
d:/program files/atmel/atmel studio 6.0/extensions/atmel/avrgcc/3.4.0.65/avrtoolchain/bin/../lib/gcc/avr/4.6.2/avr51\libgcc.a(_copy_data.o)
                              adc.o (__do_copy_data)
d:/program files/atmel/atmel studio 6.0/extensions/atmel/avrgcc/3.4.0.65/avrtoolchain/bin/../lib/gcc/avr/4.6.2/avr51\libgcc.a(_clear_bss.o)
                              adc.o (__do_clear_bss)
d:/program files/atmel/atmel studio 6.0/extensions/atmel/avrgcc/3.4.0.65/avrtoolchain/bin/../lib/gcc/avr/4.6.2/avr51\libgcc.a(_ctors.o)
                              key.o (__do_global_ctors)
d:/program files/atmel/atmel studio 6.0/extensions/atmel/avrgcc/3.4.0.65/avrtoolchain/bin/../lib/gcc/avr/4.6.2/avr51\libgcc.a(_dtors.o)
                              key.o (__do_global_dtors)
d:/program files/atmel/atmel studio 6.0/extensions/atmel/avrgcc/3.4.0.65/avrtoolchain/bin/../lib/gcc/avr/4.6.2/avr51\libgcc.a(_tablejump_elpm.o)
                              d:/program files/atmel/atmel studio 6.0/extensions/atmel/avrgcc/3.4.0.65/avrtoolchain/bin/../lib/gcc/avr/4.6.2/avr51\libgcc.a(_ctors.o) (__tablejump_elpm__)

Memory Configuration

Name             Origin             Length             Attributes
text             0x00000000         0x00020000         xr
data             0x00800100         0x0000ff00         rw !x
eeprom           0x00810000         0x00010000         rw !x
fuse             0x00820000         0x00000400         rw !x
lock             0x00830000         0x00000400         rw !x
signature        0x00840000         0x00000400         rw !x
*default*        0x00000000         0xffffffff

Linker script and memory map

Address of section .data set to 0x800100
LOAD d:/program files/atmel/atmel studio 6.0/extensions/atmel/avrgcc/3.4.0.65/avrtoolchain/bin/../lib/gcc/avr/4.6.2/../../../../avr/lib/avr51/crtm128.o
LOAD adc.o
LOAD general.o
LOAD key.o
LOAD lcd.o
LOAD ls.o
LOAD NetDriver_rs485.o
LOAD Pdu.o
LOAD timers.o
START GROUP
END GROUP
LOAD d:/program files/atmel/atmel studio 6.0/extensions/atmel/avrgcc/3.4.0.65/avrtoolchain/bin/../lib/gcc/avr/4.6.2/avr51\libgcc.a
LOAD d:/program files/atmel/atmel studio 6.0/extensions/atmel/avrgcc/3.4.0.65/avrtoolchain/bin/../lib/gcc/avr/4.6.2/../../../../avr/lib/avr51\libm.a
LOAD d:/program files/atmel/atmel studio 6.0/extensions/atmel/avrgcc/3.4.0.65/avrtoolchain/bin/../lib/gcc/avr/4.6.2/avr51\libgcc.a
LOAD d:/program files/atmel/atmel studio 6.0/extensions/atmel/avrgcc/3.4.0.65/avrtoolchain/bin/../lib/gcc/avr/4.6.2/../../../../avr/lib/avr51\libc.a
LOAD d:/program files/atmel/atmel studio 6.0/extensions/atmel/avrgcc/3.4.0.65/avrtoolchain/bin/../lib/gcc/avr/4.6.2/avr51\libgcc.a

.hash
 *(.hash)

.dynsym
 *(.dynsym)

.dynstr
 *(.dynstr)

.gnu.version
 *(.gnu.version)

.gnu.version_d
 *(.gnu.version_d)

.gnu.version_r
 *(.gnu.version_r)

.rel.init
 *(.rel.init)

.rela.init
 *(.rela.init)

.rel.text
 *(.rel.text)
 *(.rel.text.*)
 *(.rel.gnu.linkonce.t*)

.rela.text
 *(.rela.text)
 *(.rela.text.*)
 *(.rela.gnu.linkonce.t*)

.rel.fini
 *(.rel.fini)

.rela.fini
 *(.rela.fini)

.rel.rodata
 *(.rel.rodata)
 *(.rel.rodata.*)
 *(.rel.gnu.linkonce.r*)

.rela.rodata
 *(.rela.rodata)
 *(.rela.rodata.*)
 *(.rela.gnu.linkonce.r*)

.rel.data
 *(.rel.data)
 *(.rel.data.*)
 *(.rel.gnu.linkonce.d*)

.rela.data
 *(.rela.data)
 *(.rela.data.*)
 *(.rela.gnu.linkonce.d*)

.rel.ctors
 *(.rel.ctors)

.rela.ctors
 *(.rela.ctors)

.rel.dtors
 *(.rel.dtors)

.rela.dtors
 *(.rela.dtors)

.rel.got
 *(.rel.got)

.rela.got
 *(.rela.got)

.rel.bss
 *(.rel.bss)

.rela.bss
 *(.rela.bss)

.rel.plt
 *(.rel.plt)

.rela.plt
 *(.rela.plt)

.text           0x00000000     0x63d8
 *(.vectors)
 .vectors       0x00000000       0x8c d:/program files/atmel/atmel studio 6.0/extensions/atmel/avrgcc/3.4.0.65/avrtoolchain/bin/../lib/gcc/avr/4.6.2/../../../../avr/lib/avr51/crtm128.o
                0x00000000                __vector_default
                0x00000000                __vectors
 *(.vectors)
 *(.progmem.gcc*)
 .progmem.gcc_sw_table
                0x0000008c      0x384 ls.o
 *(.progmem*)
                0x00000410                . = ALIGN (0x2)
                0x00000410                __trampolines_start = .
 *(.trampolines)
 .trampolines   0x00000410        0x0 linker stubs
 *(.trampolines*)
                0x00000410                __trampolines_end = .
 *(.jumptables)
 *(.jumptables*)
 *(.lowtext)
 *(.lowtext*)
                0x00000410                __ctors_start = .
 *(.ctors)
 .ctors         0x00000410        0x2 key.o
                0x00000412                __ctors_end = .
                0x00000412                __dtors_start = .
 *(.dtors)
 .dtors         0x00000412        0x2 key.o
                0x00000414                __dtors_end = .
 SORT(*)(.ctors)
 SORT(*)(.dtors)
 *(.init0)
 .init0         0x00000414        0x0 d:/program files/atmel/atmel studio 6.0/extensions/atmel/avrgcc/3.4.0.65/avrtoolchain/bin/../lib/gcc/avr/4.6.2/../../../../avr/lib/avr51/crtm128.o
                0x00000414                __init
 *(.init0)
 *(.init1)
 *(.init1)
 *(.init2)
 .init2         0x00000414        0xc d:/program files/atmel/atmel studio 6.0/extensions/atmel/avrgcc/3.4.0.65/avrtoolchain/bin/../lib/gcc/avr/4.6.2/../../../../avr/lib/avr51/crtm128.o
 *(.init2)
 *(.init3)
 *(.init3)
 *(.init4)
 .init4         0x00000420       0x1a d:/program files/atmel/atmel studio 6.0/extensions/atmel/avrgcc/3.4.0.65/avrtoolchain/bin/../lib/gcc/avr/4.6.2/avr51\libgcc.a(_copy_data.o)
                0x00000420                __do_copy_data
 .init4         0x0000043a       0x10 d:/program files/atmel/atmel studio 6.0/extensions/atmel/avrgcc/3.4.0.65/avrtoolchain/bin/../lib/gcc/avr/4.6.2/avr51\libgcc.a(_clear_bss.o)
                0x0000043a                __do_clear_bss
 *(.init4)
 *(.init5)
 *(.init5)
 *(.init6)
 .init6         0x0000044a       0x20 d:/program files/atmel/atmel studio 6.0/extensions/atmel/avrgcc/3.4.0.65/avrtoolchain/bin/../lib/gcc/avr/4.6.2/avr51\libgcc.a(_ctors.o)
                0x0000044a                __do_global_ctors
 *(.init6)
 *(.init7)
 *(.init7)
 *(.init8)
 *(.init8)
 *(.init9)
 .init9         0x0000046a        0x8 d:/program files/atmel/atmel studio 6.0/extensions/atmel/avrgcc/3.4.0.65/avrtoolchain/bin/../lib/gcc/avr/4.6.2/../../../../avr/lib/avr51/crtm128.o
 *(.init9)
 *(.text)
 .text          0x00000472        0x4 d:/program files/atmel/atmel studio 6.0/extensions/atmel/avrgcc/3.4.0.65/avrtoolchain/bin/../lib/gcc/avr/4.6.2/../../../../avr/lib/avr51/crtm128.o
                0x00000472                __vector_22
                0x00000472                __vector_28
                0x00000472                __vector_1
                0x00000472                __vector_32
                0x00000472                __vector_34
                0x00000472                __vector_24
                0x00000472                __vector_12
                0x00000472                __bad_interrupt
                0x00000472                __vector_6
                0x00000472                __vector_31
                0x00000472                __vector_3
                0x00000472                __vector_23
                0x00000472                __vector_30
                0x00000472                __vector_25
                0x00000472                __vector_11
                0x00000472                __vector_13
                0x00000472                __vector_17
                0x00000472                __vector_19
                0x00000472                __vector_7
                0x00000472                __vector_27
                0x00000472                __vector_5
                0x00000472                __vector_33
                0x00000472                __vector_4
                0x00000472                __vector_2
                0x00000472                __vector_15
                0x00000472                __vector_29
                0x00000472                __vector_8
                0x00000472                __vector_26
                0x00000472                __vector_14
                0x00000472                __vector_10
                0x00000472                __vector_16
 .text          0x00000476      0x1de adc.o
                0x00000476                InitADC()
                0x000004f6                ADCExec()
                0x00000580                RegChannel(void (*)(), unsigned char)
                0x000005cc                __vector_21
                0x00000642                ADCTime()
 .text          0x00000654      0x1f0 general.o
                0x00000654                delay_mks_1000(int)
                0x000006ca                delay_mks_100(int)
                0x0000073e                delay_mks_10(int)
                0x000007b2                initDelay()
                0x000007d4                delayFunc()
                0x00000806                delay(int)
 .text          0x00000844      0x9c4 key.o
                0x00000844                Fifo::Fifo()
                0x0000087a                Fifo::~Fifo()
                0x00000892                Fifo::put(unsigned char)
                0x00000932                Fifo::get(unsigned char*)
                0x00000b3e                keyTimerFunc()
                0x00000b50                Key::init()
                0x00000c14                Key::off()
                0x00000c6a                Key::rowOn(unsigned int)
                0x00000cd8                Key::getRow()
                0x00000cf4                Key::setKeysCnt(unsigned char, unsigned char)
                0x00000e48                Key::addKeyAction(unsigned char, unsigned char, Key::KEY_STATE)
                0x00000f36                Key::keysDetect()
                0x0000105a                Key::timer()
                0x0000110c                keyboard_GetKey()
                0x00001140                keyboard_TestF1()
                0x0000115c                keyboard_TestF2()
 .text          0x00001208      0x964 lcd.o
                0x00001208                lcd_WaitBuzy(char)
                0x000012f6                lcd_InitLCD()
                0x000013f6                lcd_PutData(char)
                0x00001426                lcd_GetData()
                0x0000145c                lcd_WriteCommand(char, char)
                0x00001516                lcd_WriteData(char, char)
                0x000015d0                lcd_PutChar(char, char)
                0x00001690                lcd_ClearLCD()
                0x000016a6                lcd_PutString(char, char*)
                0x00001716                lcd_PutNum(unsigned char, unsigned char)
                0x0000181a                lcd_PutNumf(unsigned char, unsigned char)
                0x000018de                lcd_PutNumf2(unsigned char, unsigned int)
                0x00001a2a                lcd_PutNum2(unsigned char, unsigned char)
                0x00001a94                lcd_PutNum1(unsigned char, unsigned char)
                0x00001ae0                lcd_TimeFunc()
 .text          0x00001b6c     0x37ca ls.o
                0x00001b6c                ls_Init()
                0x00001d78                ls_SetLsPresence(unsigned char*)
                0x00002652                ls_ChangeLs()
                0x00002706                ls_main()
                0x0000284e                ls_ChangeModeDisplay()
                0x000029a8                ls_PrintDisplay()
                0x00002db0                ls_ChangeModeFunc(unsigned char)
                0x00002ec8                ls_keyMode_0()
                0x00003a6a                ls_keyMode_1()
                0x00003ffc                ls_keyMode_2()
                0x00004b48                ls_keyMode_3()
                0x00004bce                ls_keyMode_4()
                0x00004c58                ls_ProcessInfo(unsigned char)
                0x00004fd0                SetMode()
                0x0000512c                ls_TimeFunc()
                0x00005202                elrInfo(unsigned char)
 .text          0x00005336      0xd4c NetDriver_rs485.o
                0x00005336                rs485_InitNetDriver(char, char, char, void (*)(), void (*)(), void (*)(), void (*)())
                0x00005438                rs485_FillPackage(char, char, char, char, ...)
                0x000054dc                rs485_FillPackage_1(char, char, char, char, ...)
                0x00005586                rs485_SendControlSum()
                0x000055e6                rs485_StartSend()
                0x00005616                rs485_SendFunc()
                0x000056e2                __vector_20
                0x00005742                rs485_ReceiveControlSum()
                0x000057b6                __vector_18
                0x000058ea                rs485_ControlTimeRecByte()
                0x0000591e                rs485_PeriodicNetDriverFunc()
                0x00005930                rs485_InitNetwork()
                0x000059dc                rs485_RecPackageFunc()
                0x00005dee                rs485_FillPackageG(char, char, char, char, ...)
                0x00006010                rs485_SetUpPortUartFunc()
                0x00006042                rs485_RecToSendFunc()
                0x00006062                rs485_SendToRecFunc()
 .text          0x00006082      0x180 Pdu.o
                0x00006082                initPorts()
                0x000061c6                main
 .text          0x00006202      0x144 timers.o
                0x00006202                timers_InitVirtualTimers()
                0x0000626a                __vector_9
                0x00006302                timers_RegVirtualTimer(void (*)())
 .text          0x00006346        0x0 d:/program files/atmel/atmel studio 6.0/extensions/atmel/avrgcc/3.4.0.65/avrtoolchain/bin/../lib/gcc/avr/4.6.2/avr51\libgcc.a(_udivmodqi4.o)
 .text          0x00006346        0x0 d:/program files/atmel/atmel studio 6.0/extensions/atmel/avrgcc/3.4.0.65/avrtoolchain/bin/../lib/gcc/avr/4.6.2/avr51\libgcc.a(_udivmodhi4.o)
 .text          0x00006346        0x0 d:/program files/atmel/atmel studio 6.0/extensions/atmel/avrgcc/3.4.0.65/avrtoolchain/bin/../lib/gcc/avr/4.6.2/avr51\libgcc.a(_divmodhi4.o)
 .text          0x00006346        0x0 d:/program files/atmel/atmel studio 6.0/extensions/atmel/avrgcc/3.4.0.65/avrtoolchain/bin/../lib/gcc/avr/4.6.2/avr51\libgcc.a(_exit.o)
 .text          0x00006346        0x0 d:/program files/atmel/atmel studio 6.0/extensions/atmel/avrgcc/3.4.0.65/avrtoolchain/bin/../lib/gcc/avr/4.6.2/avr51\libgcc.a(_copy_data.o)
 .text          0x00006346        0x0 d:/program files/atmel/atmel studio 6.0/extensions/atmel/avrgcc/3.4.0.65/avrtoolchain/bin/../lib/gcc/avr/4.6.2/avr51\libgcc.a(_clear_bss.o)
 .text          0x00006346        0x0 d:/program files/atmel/atmel studio 6.0/extensions/atmel/avrgcc/3.4.0.65/avrtoolchain/bin/../lib/gcc/avr/4.6.2/avr51\libgcc.a(_ctors.o)
 .text          0x00006346        0x0 d:/program files/atmel/atmel studio 6.0/extensions/atmel/avrgcc/3.4.0.65/avrtoolchain/bin/../lib/gcc/avr/4.6.2/avr51\libgcc.a(_dtors.o)
 .text          0x00006346        0x0 d:/program files/atmel/atmel studio 6.0/extensions/atmel/avrgcc/3.4.0.65/avrtoolchain/bin/../lib/gcc/avr/4.6.2/avr51\libgcc.a(_tablejump_elpm.o)
                0x00006346                . = ALIGN (0x2)
 *(.text.*)
 .text.libgcc   0x00006346       0x18 d:/program files/atmel/atmel studio 6.0/extensions/atmel/avrgcc/3.4.0.65/avrtoolchain/bin/../lib/gcc/avr/4.6.2/avr51\libgcc.a(_udivmodqi4.o)
                0x00006346                __udivmodqi4
 .text.libgcc   0x0000635e       0x28 d:/program files/atmel/atmel studio 6.0/extensions/atmel/avrgcc/3.4.0.65/avrtoolchain/bin/../lib/gcc/avr/4.6.2/avr51\libgcc.a(_udivmodhi4.o)
                0x0000635e                __udivmodhi4
 .text.libgcc   0x00006386       0x26 d:/program files/atmel/atmel studio 6.0/extensions/atmel/avrgcc/3.4.0.65/avrtoolchain/bin/../lib/gcc/avr/4.6.2/avr51\libgcc.a(_divmodhi4.o)
                0x00006386                _div
                0x00006386                __divmodhi4
 .text.libgcc   0x000063ac        0x0 d:/program files/atmel/atmel studio 6.0/extensions/atmel/avrgcc/3.4.0.65/avrtoolchain/bin/../lib/gcc/avr/4.6.2/avr51\libgcc.a(_exit.o)
 .text.libgcc   0x000063ac        0x0 d:/program files/atmel/atmel studio 6.0/extensions/atmel/avrgcc/3.4.0.65/avrtoolchain/bin/../lib/gcc/avr/4.6.2/avr51\libgcc.a(_copy_data.o)
 .text.libgcc   0x000063ac        0x0 d:/program files/atmel/atmel studio 6.0/extensions/atmel/avrgcc/3.4.0.65/avrtoolchain/bin/../lib/gcc/avr/4.6.2/avr51\libgcc.a(_clear_bss.o)
 .text.libgcc   0x000063ac        0x0 d:/program files/atmel/atmel studio 6.0/extensions/atmel/avrgcc/3.4.0.65/avrtoolchain/bin/../lib/gcc/avr/4.6.2/avr51\libgcc.a(_ctors.o)
 .text.libgcc   0x000063ac        0x0 d:/program files/atmel/atmel studio 6.0/extensions/atmel/avrgcc/3.4.0.65/avrtoolchain/bin/../lib/gcc/avr/4.6.2/avr51\libgcc.a(_dtors.o)
 .text.libgcc   0x000063ac        0x8 d:/program files/atmel/atmel studio 6.0/extensions/atmel/avrgcc/3.4.0.65/avrtoolchain/bin/../lib/gcc/avr/4.6.2/avr51\libgcc.a(_tablejump_elpm.o)
                0x000063ac                __tablejump_elpm__
                0x000063b4                . = ALIGN (0x2)
 *(.fini9)
 .fini9         0x000063b4        0x0 d:/program files/atmel/atmel studio 6.0/extensions/atmel/avrgcc/3.4.0.65/avrtoolchain/bin/../lib/gcc/avr/4.6.2/avr51\libgcc.a(_exit.o)
                0x000063b4                _exit
                0x000063b4                exit
 *(.fini9)
 *(.fini8)
 *(.fini8)
 *(.fini7)
 *(.fini7)
 *(.fini6)
 .fini6         0x000063b4       0x20 d:/program files/atmel/atmel studio 6.0/extensions/atmel/avrgcc/3.4.0.65/avrtoolchain/bin/../lib/gcc/avr/4.6.2/avr51\libgcc.a(_dtors.o)
                0x000063b4                __do_global_dtors
 *(.fini6)
 *(.fini5)
 *(.fini5)
 *(.fini4)
 *(.fini4)
 *(.fini3)
 *(.fini3)
 *(.fini2)
 *(.fini2)
 *(.fini1)
 *(.fini1)
 *(.fini0)
 .fini0         0x000063d4        0x4 d:/program files/atmel/atmel studio 6.0/extensions/atmel/avrgcc/3.4.0.65/avrtoolchain/bin/../lib/gcc/avr/4.6.2/avr51\libgcc.a(_exit.o)
 *(.fini0)
                0x000063d8                _etext = .

.data           0x00800100      0x398 load address 0x000063d8
                0x00800100                PROVIDE (__data_start, .)
 *(.data)
 .data          0x00800100        0x0 d:/program files/atmel/atmel studio 6.0/extensions/atmel/avrgcc/3.4.0.65/avrtoolchain/bin/../lib/gcc/avr/4.6.2/../../../../avr/lib/avr51/crtm128.o
 .data          0x00800100        0x1 adc.o
                0x00800100                NumChannel
 .data          0x00800101        0x0 general.o
 .data          0x00800101       0x24 key.o
                0x00800101                Key::KEY_CODE_MATRIX_PRESS
                0x00800113                Key::KEY_CODE_MATRIX_RELEASE
 .data          0x00800125      0x100 lcd.o
                0x00800125                lcd_convertANSITable
 .data          0x00800225      0x272 ls.o
 .data          0x00800497        0x0 NetDriver_rs485.o
 .data          0x00800497        0x0 Pdu.o
 .data          0x00800497        0x0 timers.o
 .data          0x00800497        0x0 d:/program files/atmel/atmel studio 6.0/extensions/atmel/avrgcc/3.4.0.65/avrtoolchain/bin/../lib/gcc/avr/4.6.2/avr51\libgcc.a(_udivmodqi4.o)
 .data          0x00800497        0x0 d:/program files/atmel/atmel studio 6.0/extensions/atmel/avrgcc/3.4.0.65/avrtoolchain/bin/../lib/gcc/avr/4.6.2/avr51\libgcc.a(_udivmodhi4.o)
 .data          0x00800497        0x0 d:/program files/atmel/atmel studio 6.0/extensions/atmel/avrgcc/3.4.0.65/avrtoolchain/bin/../lib/gcc/avr/4.6.2/avr51\libgcc.a(_divmodhi4.o)
 .data          0x00800497        0x0 d:/program files/atmel/atmel studio 6.0/extensions/atmel/avrgcc/3.4.0.65/avrtoolchain/bin/../lib/gcc/avr/4.6.2/avr51\libgcc.a(_exit.o)
 .data          0x00800497        0x0 d:/program files/atmel/atmel studio 6.0/extensions/atmel/avrgcc/3.4.0.65/avrtoolchain/bin/../lib/gcc/avr/4.6.2/avr51\libgcc.a(_copy_data.o)
 .data          0x00800497        0x0 d:/program files/atmel/atmel studio 6.0/extensions/atmel/avrgcc/3.4.0.65/avrtoolchain/bin/../lib/gcc/avr/4.6.2/avr51\libgcc.a(_clear_bss.o)
 .data          0x00800497        0x0 d:/program files/atmel/atmel studio 6.0/extensions/atmel/avrgcc/3.4.0.65/avrtoolchain/bin/../lib/gcc/avr/4.6.2/avr51\libgcc.a(_ctors.o)
 .data          0x00800497        0x0 d:/program files/atmel/atmel studio 6.0/extensions/atmel/avrgcc/3.4.0.65/avrtoolchain/bin/../lib/gcc/avr/4.6.2/avr51\libgcc.a(_dtors.o)
 .data          0x00800497        0x0 d:/program files/atmel/atmel studio 6.0/extensions/atmel/avrgcc/3.4.0.65/avrtoolchain/bin/../lib/gcc/avr/4.6.2/avr51\libgcc.a(_tablejump_elpm.o)
 *(.data*)
 *(.rodata)
 *(.rodata*)
 *(.gnu.linkonce.d*)
                0x00800498                . = ALIGN (0x2)
 *fill*         0x00800497        0x1 00
                0x00800498                _edata = .
                0x00800498                PROVIDE (__data_end, .)

.bss            0x00800498      0x645
                0x00800498                PROVIDE (__bss_start, .)
 *(.bss)
 .bss           0x00800498        0x0 d:/program files/atmel/atmel studio 6.0/extensions/atmel/avrgcc/3.4.0.65/avrtoolchain/bin/../lib/gcc/avr/4.6.2/../../../../avr/lib/avr51/crtm128.o
 .bss           0x00800498       0x10 adc.o
                0x00800498                MfuncPoint
 .bss           0x008004a8        0x3 general.o
                0x008004a8                f_delay
                0x008004a9                mdelay
 .bss           0x008004ab       0x55 key.o
                0x008004ab                Key::phase
                0x008004ac                Key::keysCnt
                0x008004d0                Key::keysState
                0x008004e2                Key::activeRow
                0x008004e4                Key::keyFifo
                0x008004fd                Key::f1State
                0x008004fe                Key::f2State
 .bss           0x00800500        0x2 lcd.o
                0x00800500                lcd_time
 .bss           0x00800502      0x23c ls.o
                0x00800502                f2Pr
                0x00800504                PrNap
                0x00800506                ls_ls
                0x00800737                ls_currentLs
                0x00800738                ls_NoSetLS
                0x00800739                ls_keyMode_3_time
                0x0080073b                ls_keyMode_4_time
                0x0080073d                ls_ProcessInfoCount
 .bss           0x0080073e      0x363 NetDriver_rs485.o
                0x0080073e                rs485_deviceAddress
                0x0080073f                rs485_pointer_HandlerRecPackage
                0x00800741                rs485_pointer_SetUpPortUartFunc
                0x00800743                rs485_pointer_RecToSendFunc
                0x00800745                rs485_pointer_SendToRecFunc
                0x00800747                rs485_receiveBuf
                0x0080075c                rs485_r_count
                0x0080075d                rs485_rec_control_count
                0x0080075e                rs485_f_rec_control_count
                0x0080075f                rs485_sendBuf
                0x00800774                rs485_s_count
                0x00800775                rs485_f_sending
                0x00800776                rs485_fSndTime
                0x00800777                rs485_lsAddress
                0x00800778                rs485_sg
                0x00800a98                rs485_sgCounter
                0x00800a9a                rs485_nRequest
                0x00800a9b                rs485_debugCounter
                0x00800a9d                rs485_debugCounter1
 .bss           0x00800aa1        0x5 Pdu.o
                0x00800aa1                qqq
                0x00800aa3                f_avar
 .bss           0x00800aa6       0x37 timers.o
                0x00800aa6                timers_VirtualTimers
                0x00800adc                timers_NumTimers
 .bss           0x00800add        0x0 d:/program files/atmel/atmel studio 6.0/extensions/atmel/avrgcc/3.4.0.65/avrtoolchain/bin/../lib/gcc/avr/4.6.2/avr51\libgcc.a(_udivmodqi4.o)
 .bss           0x00800add        0x0 d:/program files/atmel/atmel studio 6.0/extensions/atmel/avrgcc/3.4.0.65/avrtoolchain/bin/../lib/gcc/avr/4.6.2/avr51\libgcc.a(_udivmodhi4.o)
 .bss           0x00800add        0x0 d:/program files/atmel/atmel studio 6.0/extensions/atmel/avrgcc/3.4.0.65/avrtoolchain/bin/../lib/gcc/avr/4.6.2/avr51\libgcc.a(_divmodhi4.o)
 .bss           0x00800add        0x0 d:/program files/atmel/atmel studio 6.0/extensions/atmel/avrgcc/3.4.0.65/avrtoolchain/bin/../lib/gcc/avr/4.6.2/avr51\libgcc.a(_exit.o)
 .bss           0x00800add        0x0 d:/program files/atmel/atmel studio 6.0/extensions/atmel/avrgcc/3.4.0.65/avrtoolchain/bin/../lib/gcc/avr/4.6.2/avr51\libgcc.a(_copy_data.o)
 .bss           0x00800add        0x0 d:/program files/atmel/atmel studio 6.0/extensions/atmel/avrgcc/3.4.0.65/avrtoolchain/bin/../lib/gcc/avr/4.6.2/avr51\libgcc.a(_clear_bss.o)
 .bss           0x00800add        0x0 d:/program files/atmel/atmel studio 6.0/extensions/atmel/avrgcc/3.4.0.65/avrtoolchain/bin/../lib/gcc/avr/4.6.2/avr51\libgcc.a(_ctors.o)
 .bss           0x00800add        0x0 d:/program files/atmel/atmel studio 6.0/extensions/atmel/avrgcc/3.4.0.65/avrtoolchain/bin/../lib/gcc/avr/4.6.2/avr51\libgcc.a(_dtors.o)
 .bss           0x00800add        0x0 d:/program files/atmel/atmel studio 6.0/extensions/atmel/avrgcc/3.4.0.65/avrtoolchain/bin/../lib/gcc/avr/4.6.2/avr51\libgcc.a(_tablejump_elpm.o)
 *(.bss*)
 *(COMMON)
                0x00800add                PROVIDE (__bss_end, .)
                0x000063d8                __data_load_start = LOADADDR (.data)
                0x00006770                __data_load_end = (__data_load_start + SIZEOF (.data))

.noinit         0x00800add        0x0
                0x00800add                PROVIDE (__noinit_start, .)
 *(.noinit*)
                0x00800add                PROVIDE (__noinit_end, .)
                0x00800add                _end = .
                0x00800add                PROVIDE (__heap_start, .)

.eeprom         0x00810000        0x0
 *(.eeprom*)
                0x00810000                __eeprom_end = .

.fuse
 *(.fuse)
 *(.lfuse)
 *(.hfuse)
 *(.efuse)

.lock
 *(.lock*)

.signature
 *(.signature*)

.stab           0x00000000      0x6cc
 *(.stab)
 .stab          0x00000000      0x6cc d:/program files/atmel/atmel studio 6.0/extensions/atmel/avrgcc/3.4.0.65/avrtoolchain/bin/../lib/gcc/avr/4.6.2/../../../../avr/lib/avr51/crtm128.o

.stabstr        0x00000000       0x85
 *(.stabstr)
 .stabstr       0x00000000       0x85 d:/program files/atmel/atmel studio 6.0/extensions/atmel/avrgcc/3.4.0.65/avrtoolchain/bin/../lib/gcc/avr/4.6.2/../../../../avr/lib/avr51/crtm128.o

.stab.excl
 *(.stab.excl)

.stab.exclstr
 *(.stab.exclstr)

.stab.index
 *(.stab.index)

.stab.indexstr
 *(.stab.indexstr)

.comment
 *(.comment)

.debug
 *(.debug)

.line
 *(.line)

.debug_srcinfo
 *(.debug_srcinfo)

.debug_sfnames
 *(.debug_sfnames)

.debug_aranges  0x00000000      0x220
 *(.debug_aranges)
 .debug_aranges
                0x00000000       0x20 adc.o
 .debug_aranges
                0x00000020       0x20 general.o
 .debug_aranges
                0x00000040       0x20 key.o
 .debug_aranges
                0x00000060       0x20 lcd.o
 .debug_aranges
                0x00000080       0x20 ls.o
 .debug_aranges
                0x000000a0       0x20 NetDriver_rs485.o
 .debug_aranges
                0x000000c0       0x20 Pdu.o
 .debug_aranges
                0x000000e0       0x20 timers.o
 .debug_aranges
                0x00000100       0x20 d:/program files/atmel/atmel studio 6.0/extensions/atmel/avrgcc/3.4.0.65/avrtoolchain/bin/../lib/gcc/avr/4.6.2/avr51\libgcc.a(_udivmodqi4.o)
 .debug_aranges
                0x00000120       0x20 d:/program files/atmel/atmel studio 6.0/extensions/atmel/avrgcc/3.4.0.65/avrtoolchain/bin/../lib/gcc/avr/4.6.2/avr51\libgcc.a(_udivmodhi4.o)
 .debug_aranges
                0x00000140       0x20 d:/program files/atmel/atmel studio 6.0/extensions/atmel/avrgcc/3.4.0.65/avrtoolchain/bin/../lib/gcc/avr/4.6.2/avr51\libgcc.a(_divmodhi4.o)
 .debug_aranges
                0x00000160       0x20 d:/program files/atmel/atmel studio 6.0/extensions/atmel/avrgcc/3.4.0.65/avrtoolchain/bin/../lib/gcc/avr/4.6.2/avr51\libgcc.a(_exit.o)
 .debug_aranges
                0x00000180       0x20 d:/program files/atmel/atmel studio 6.0/extensions/atmel/avrgcc/3.4.0.65/avrtoolchain/bin/../lib/gcc/avr/4.6.2/avr51\libgcc.a(_copy_data.o)
 .debug_aranges
                0x000001a0       0x20 d:/program files/atmel/atmel studio 6.0/extensions/atmel/avrgcc/3.4.0.65/avrtoolchain/bin/../lib/gcc/avr/4.6.2/avr51\libgcc.a(_clear_bss.o)
 .debug_aranges
                0x000001c0       0x20 d:/program files/atmel/atmel studio 6.0/extensions/atmel/avrgcc/3.4.0.65/avrtoolchain/bin/../lib/gcc/avr/4.6.2/avr51\libgcc.a(_ctors.o)
 .debug_aranges
                0x000001e0       0x20 d:/program files/atmel/atmel studio 6.0/extensions/atmel/avrgcc/3.4.0.65/avrtoolchain/bin/../lib/gcc/avr/4.6.2/avr51\libgcc.a(_dtors.o)
 .debug_aranges
                0x00000200       0x20 d:/program files/atmel/atmel studio 6.0/extensions/atmel/avrgcc/3.4.0.65/avrtoolchain/bin/../lib/gcc/avr/4.6.2/avr51\libgcc.a(_tablejump_elpm.o)

.debug_pubnames
 *(.debug_pubnames)

.debug_info     0x00000000     0x23ed
 *(.debug_info)
 .debug_info    0x00000000      0x154 adc.o
 .debug_info    0x00000154      0x1ce general.o
 .debug_info    0x00000322      0x7d1 key.o
 .debug_info    0x00000af3      0x46e lcd.o
 .debug_info    0x00000f61      0x449 ls.o
 .debug_info    0x000013aa      0x674 NetDriver_rs485.o
 .debug_info    0x00001a1e       0xc9 Pdu.o
 .debug_info    0x00001ae7      0x138 timers.o
 .debug_info    0x00001c1f       0xde d:/program files/atmel/atmel studio 6.0/extensions/atmel/avrgcc/3.4.0.65/avrtoolchain/bin/../lib/gcc/avr/4.6.2/avr51\libgcc.a(_udivmodqi4.o)
 .debug_info    0x00001cfd       0xde d:/program files/atmel/atmel studio 6.0/extensions/atmel/avrgcc/3.4.0.65/avrtoolchain/bin/../lib/gcc/avr/4.6.2/avr51\libgcc.a(_udivmodhi4.o)
 .debug_info    0x00001ddb       0xde d:/program files/atmel/atmel studio 6.0/extensions/atmel/avrgcc/3.4.0.65/avrtoolchain/bin/../lib/gcc/avr/4.6.2/avr51\libgcc.a(_divmodhi4.o)
 .debug_info    0x00001eb9       0xde d:/program files/atmel/atmel studio 6.0/extensions/atmel/avrgcc/3.4.0.65/avrtoolchain/bin/../lib/gcc/avr/4.6.2/avr51\libgcc.a(_exit.o)
 .debug_info    0x00001f97       0xde d:/program files/atmel/atmel studio 6.0/extensions/atmel/avrgcc/3.4.0.65/avrtoolchain/bin/../lib/gcc/avr/4.6.2/avr51\libgcc.a(_copy_data.o)
 .debug_info    0x00002075       0xde d:/program files/atmel/atmel studio 6.0/extensions/atmel/avrgcc/3.4.0.65/avrtoolchain/bin/../lib/gcc/avr/4.6.2/avr51\libgcc.a(_clear_bss.o)
 .debug_info    0x00002153       0xde d:/program files/atmel/atmel studio 6.0/extensions/atmel/avrgcc/3.4.0.65/avrtoolchain/bin/../lib/gcc/avr/4.6.2/avr51\libgcc.a(_ctors.o)
 .debug_info    0x00002231       0xde d:/program files/atmel/atmel studio 6.0/extensions/atmel/avrgcc/3.4.0.65/avrtoolchain/bin/../lib/gcc/avr/4.6.2/avr51\libgcc.a(_dtors.o)
 .debug_info    0x0000230f       0xde d:/program files/atmel/atmel studio 6.0/extensions/atmel/avrgcc/3.4.0.65/avrtoolchain/bin/../lib/gcc/avr/4.6.2/avr51\libgcc.a(_tablejump_elpm.o)
 *(.gnu.linkonce.wi.*)

.debug_abbrev   0x00000000      0x9f7
 *(.debug_abbrev)
 .debug_abbrev  0x00000000       0xd0 adc.o
 .debug_abbrev  0x000000d0       0xa6 general.o
 .debug_abbrev  0x00000176      0x2c4 key.o
 .debug_abbrev  0x0000043a       0xd2 lcd.o
 .debug_abbrev  0x0000050c      0x152 ls.o
 .debug_abbrev  0x0000065e      0x1a0 NetDriver_rs485.o
 .debug_abbrev  0x000007fe       0x89 Pdu.o
 .debug_abbrev  0x00000887       0xbc timers.o
 .debug_abbrev  0x00000943       0x14 d:/program files/atmel/atmel studio 6.0/extensions/atmel/avrgcc/3.4.0.65/avrtoolchain/bin/../lib/gcc/avr/4.6.2/avr51\libgcc.a(_udivmodqi4.o)
 .debug_abbrev  0x00000957       0x14 d:/program files/atmel/atmel studio 6.0/extensions/atmel/avrgcc/3.4.0.65/avrtoolchain/bin/../lib/gcc/avr/4.6.2/avr51\libgcc.a(_udivmodhi4.o)
 .debug_abbrev  0x0000096b       0x14 d:/program files/atmel/atmel studio 6.0/extensions/atmel/avrgcc/3.4.0.65/avrtoolchain/bin/../lib/gcc/avr/4.6.2/avr51\libgcc.a(_divmodhi4.o)
 .debug_abbrev  0x0000097f       0x14 d:/program files/atmel/atmel studio 6.0/extensions/atmel/avrgcc/3.4.0.65/avrtoolchain/bin/../lib/gcc/avr/4.6.2/avr51\libgcc.a(_exit.o)
 .debug_abbrev  0x00000993       0x14 d:/program files/atmel/atmel studio 6.0/extensions/atmel/avrgcc/3.4.0.65/avrtoolchain/bin/../lib/gcc/avr/4.6.2/avr51\libgcc.a(_copy_data.o)
 .debug_abbrev  0x000009a7       0x14 d:/program files/atmel/atmel studio 6.0/extensions/atmel/avrgcc/3.4.0.65/avrtoolchain/bin/../lib/gcc/avr/4.6.2/avr51\libgcc.a(_clear_bss.o)
 .debug_abbrev  0x000009bb       0x14 d:/program files/atmel/atmel studio 6.0/extensions/atmel/avrgcc/3.4.0.65/avrtoolchain/bin/../lib/gcc/avr/4.6.2/avr51\libgcc.a(_ctors.o)
 .debug_abbrev  0x000009cf       0x14 d:/program files/atmel/atmel studio 6.0/extensions/atmel/avrgcc/3.4.0.65/avrtoolchain/bin/../lib/gcc/avr/4.6.2/avr51\libgcc.a(_dtors.o)
 .debug_abbrev  0x000009e3       0x14 d:/program files/atmel/atmel studio 6.0/extensions/atmel/avrgcc/3.4.0.65/avrtoolchain/bin/../lib/gcc/avr/4.6.2/avr51\libgcc.a(_tablejump_elpm.o)

.debug_line     0x00000000     0x1325
 *(.debug_line)
 .debug_line    0x00000000       0x84 adc.o
 .debug_line    0x00000084       0xa7 general.o
 .debug_line    0x0000012b      0x159 key.o
 .debug_line    0x00000284      0x16c lcd.o
 .debug_line    0x000003f0      0x683 ls.o
 .debug_line    0x00000a73      0x295 NetDriver_rs485.o
 .debug_line    0x00000d08       0x7a Pdu.o
 .debug_line    0x00000d82       0x81 timers.o
 .debug_line    0x00000e03       0x92 d:/program files/atmel/atmel studio 6.0/extensions/atmel/avrgcc/3.4.0.65/avrtoolchain/bin/../lib/gcc/avr/4.6.2/avr51\libgcc.a(_udivmodqi4.o)
 .debug_line    0x00000e95       0x9a d:/program files/atmel/atmel studio 6.0/extensions/atmel/avrgcc/3.4.0.65/avrtoolchain/bin/../lib/gcc/avr/4.6.2/avr51\libgcc.a(_udivmodhi4.o)
 .debug_line    0x00000f2f       0x99 d:/program files/atmel/atmel studio 6.0/extensions/atmel/avrgcc/3.4.0.65/avrtoolchain/bin/../lib/gcc/avr/4.6.2/avr51\libgcc.a(_divmodhi4.o)
 .debug_line    0x00000fc8       0x88 d:/program files/atmel/atmel studio 6.0/extensions/atmel/avrgcc/3.4.0.65/avrtoolchain/bin/../lib/gcc/avr/4.6.2/avr51\libgcc.a(_exit.o)
 .debug_line    0x00001050       0x93 d:/program files/atmel/atmel studio 6.0/extensions/atmel/avrgcc/3.4.0.65/avrtoolchain/bin/../lib/gcc/avr/4.6.2/avr51\libgcc.a(_copy_data.o)
 .debug_line    0x000010e3       0x8e d:/program files/atmel/atmel studio 6.0/extensions/atmel/avrgcc/3.4.0.65/avrtoolchain/bin/../lib/gcc/avr/4.6.2/avr51\libgcc.a(_clear_bss.o)
 .debug_line    0x00001171       0x95 d:/program files/atmel/atmel studio 6.0/extensions/atmel/avrgcc/3.4.0.65/avrtoolchain/bin/../lib/gcc/avr/4.6.2/avr51\libgcc.a(_ctors.o)
 .debug_line    0x00001206       0x95 d:/program files/atmel/atmel studio 6.0/extensions/atmel/avrgcc/3.4.0.65/avrtoolchain/bin/../lib/gcc/avr/4.6.2/avr51\libgcc.a(_dtors.o)
 .debug_line    0x0000129b       0x8a d:/program files/atmel/atmel studio 6.0/extensions/atmel/avrgcc/3.4.0.65/avrtoolchain/bin/../lib/gcc/avr/4.6.2/avr51\libgcc.a(_tablejump_elpm.o)

.debug_frame    0x00000000      0xd9c
 *(.debug_frame)
 .debug_frame   0x00000000       0xf8 adc.o
 .debug_frame   0x000000f8       0xd4 general.o
 .debug_frame   0x000001cc      0x274 key.o
 .debug_frame   0x00000440      0x1f4 lcd.o
 .debug_frame   0x00000634      0x2f8 ls.o
 .debug_frame   0x0000092c      0x360 NetDriver_rs485.o
 .debug_frame   0x00000c8c       0x54 Pdu.o
 .debug_frame   0x00000ce0       0xbc timers.o

.debug_str      0x00000000     0x11f5
 *(.debug_str)
 .debug_str     0x00000000      0x118 adc.o
                                0x14c (size before relaxing)
 .debug_str     0x00000118       0xbd general.o
                                0x163 (size before relaxing)
 .debug_str     0x000001d5      0x4bd key.o
                                0x572 (size before relaxing)
 .debug_str     0x00000692      0x211 lcd.o
                                0x2ac (size before relaxing)
 .debug_str     0x000008a3      0x2fd ls.o
                                0x3a4 (size before relaxing)
 .debug_str     0x00000ba0      0x564 NetDriver_rs485.o
                                0x635 (size before relaxing)
 .debug_str     0x00001104       0x25 Pdu.o
                                 0xcc (size before relaxing)
 .debug_str     0x00001129       0xcc timers.o
                                0x16e (size before relaxing)

.debug_loc      0x00000000     0x1987
 *(.debug_loc)
 .debug_loc     0x00000000      0x1f7 adc.o
 .debug_loc     0x000001f7      0x196 general.o
 .debug_loc     0x0000038d      0x4f0 key.o
 .debug_loc     0x0000087d      0x3f7 lcd.o
 .debug_loc     0x00000c74      0x3f1 ls.o
 .debug_loc     0x00001065      0x71e NetDriver_rs485.o
 .debug_loc     0x00001783       0x76 Pdu.o
 .debug_loc     0x000017f9      0x18e timers.o

.debug_macinfo
 *(.debug_macinfo)
OUTPUT(Pdu.elf elf32-avr)
LOAD linker stubs
